[      59ms] [LOG] Angular is running in development mode. @ http://localhost:4200/@fs/C:/Users/Hp/Desktop/Project_HRPayroll/Payroll%20Automation/.angular/cache/21.2.20/payroll-app/vite/deps/chunk-JI5NBFE4.js?v=8add3b10:11244
[   23446ms] [ERROR] Failed to load resource: the server responded with a status of 403 () @ http://localhost:8080/api/audit-logs/audit-1788625990042-0:0
[   23450ms] [ERROR] Failed to load resource: the server responded with a status of 404 () @ http://localhost:8080/api/payroll-batches/pb-202703-1788625990040:0
[   61346ms] [ERROR] Failed to load resource: the server responded with a status of 404 () @ http://localhost:8080/api/payslips/ps-pb-202703-1788625990040-e-1788326717223:0
[   61349ms] [ERROR] Failed to load resource: the server responded with a status of 404 () @ http://localhost:8080/api/payslips/ps-pb-202703-1788625990040-e2:0
[   61352ms] [ERROR] Failed to load resource: the server responded with a status of 404 () @ http://localhost:8080/api/payslips/ps-pb-202703-1788625990040-e7:0
[   61353ms] [ERROR] Failed to load resource: the server responded with a status of 404 () @ http://localhost:8080/api/payslips/ps-pb-202703-1788625990040-e4:0
[   61354ms] [ERROR] Failed to load resource: the server responded with a status of 404 () @ http://localhost:8080/api/payslips/ps-pb-202703-1788625990040-e1:0
[   61355ms] [ERROR] Failed to load resource: the server responded with a status of 404 () @ http://localhost:8080/api/payslips/ps-pb-202703-1788625990040-e-1787546658330:0
[   61357ms] [ERROR] Failed to load resource: the server responded with a status of 404 () @ http://localhost:8080/api/payslips/ps-pb-202703-1788625990040-e-1787546896361:0
[   61358ms] [ERROR] Failed to load resource: the server responded with a status of 404 () @ http://localhost:8080/api/payslips/ps-pb-202703-1788625990040-e-1787547254530:0
[   61359ms] [ERROR] Failed to load resource: the server responded with a status of 404 () @ http://localhost:8080/api/payslips/ps-pb-202703-1788625990040-e-1787547655357:0
[   61361ms] [ERROR] Failed to load resource: the server responded with a status of 404 () @ http://localhost:8080/api/payslips/ps-pb-202703-1788625990040-e-1787547994953:0
[   61363ms] [ERROR] Failed to load resource: the server responded with a status of 404 () @ http://localhost:8080/api/payslips/ps-pb-202703-1788625990040-e-1787548160729:0
[   61365ms] [ERROR] Failed to load resource: the server responded with a status of 404 () @ http://localhost:8080/api/payslips/ps-pb-202703-1788625990040-e-1787548325913:0
[   61367ms] [ERROR] Failed to load resource: the server responded with a status of 404 () @ http://localhost:8080/api/payslips/ps-pb-202703-1788625990040-te-001:0
[   61368ms] [ERROR] Failed to load resource: the server responded with a status of 404 () @ http://localhost:8080/api/payslips/ps-pb-202703-1788625990040-e-1787548627005:0
[   61370ms] [ERROR] Failed to load resource: the server responded with a status of 404 () @ http://localhost:8080/api/payslips/ps-pb-202703-1788625990040-te-002:0
[   61371ms] [ERROR] Failed to load resource: the server responded with a status of 404 () @ http://localhost:8080/api/payslips/ps-pb-202703-1788625990040-te-003:0
[   61373ms] [ERROR] Failed to load resource: the server responded with a status of 404 () @ http://localhost:8080/api/payslips/ps-pb-202703-1788625990040-te-004:0
[   61375ms] [ERROR] Failed to load resource: the server responded with a status of 404 () @ http://localhost:8080/api/payslips/ps-pb-202703-1788625990040-te-005:0
[   61376ms] [ERROR] Failed to load resource: the server responded with a status of 404 () @ http://localhost:8080/api/payslips/ps-pb-202703-1788625990040-te-007:0
[   61378ms] [ERROR] Failed to load resource: the server responded with a status of 404 () @ http://localhost:8080/api/payslips/ps-pb-202703-1788625990040-te-008:0
[   61380ms] [ERROR] Failed to load resource: the server responded with a status of 404 () @ http://localhost:8080/api/payslips/ps-pb-202703-1788625990040-te-006:0
[   61382ms] [ERROR] Failed to load resource: the server responded with a status of 404 () @ http://localhost:8080/api/payslips/ps-pb-202703-1788625990040-te-014:0
[   61385ms] [ERROR] Failed to load resource: the server responded with a status of 404 () @ http://localhost:8080/api/payslips/ps-pb-202703-1788625990040-te-009:0
[   61387ms] [ERROR] Failed to load resource: the server responded with a status of 404 () @ http://localhost:8080/api/payslips/ps-pb-202703-1788625990040-te-010:0
[   61390ms] [ERROR] Failed to load resource: the server responded with a status of 404 () @ http://localhost:8080/api/payslips/ps-pb-202703-1788625990040-te-012:0
[   61392ms] [ERROR] Failed to load resource: the server responded with a status of 404 () @ http://localhost:8080/api/payslips/ps-pb-202703-1788625990040-te-011:0
[   61395ms] [ERROR] Failed to load resource: the server responded with a status of 404 () @ http://localhost:8080/api/payslips/ps-pb-202703-1788625990040-te-013:0
[   61399ms] [ERROR] Failed to load resource: the server responded with a status of 404 () @ http://localhost:8080/api/payslips/ps-pb-202703-1788625990040-te-017:0
[   61401ms] [ERROR] Failed to load resource: the server responded with a status of 404 () @ http://localhost:8080/api/payslips/ps-pb-202703-1788625990040-te-019:0
[   61402ms] [ERROR] Failed to load resource: the server responded with a status of 404 () @ http://localhost:8080/api/payslips/ps-pb-202703-1788625990040-te-018:0
[   61404ms] [ERROR] Failed to load resource: the server responded with a status of 404 () @ http://localhost:8080/api/payslips/ps-pb-202703-1788625990040-te-020:0
[   61405ms] [ERROR] Failed to load resource: the server responded with a status of 404 () @ http://localhost:8080/api/payslips/ps-pb-202703-1788625990040-te-021:0
[   61406ms] [ERROR] Failed to load resource: the server responded with a status of 404 () @ http://localhost:8080/api/payslips/ps-pb-202703-1788625990040-te-022:0
[   61408ms] [ERROR] Failed to load resource: the server responded with a status of 404 () @ http://localhost:8080/api/payslips/ps-pb-202703-1788625990040-te-024:0
[   61409ms] [ERROR] Failed to load resource: the server responded with a status of 404 () @ http://localhost:8080/api/payslips/ps-pb-202703-1788625990040-te-023:0
[   61410ms] [ERROR] Failed to load resource: the server responded with a status of 404 () @ http://localhost:8080/api/payslips/ps-pb-202703-1788625990040-te-025:0
[   61412ms] [ERROR] Failed to load resource: the server responded with a status of 404 () @ http://localhost:8080/api/payslips/ps-pb-202703-1788625990040-te-027:0
[   61415ms] [ERROR] Failed to load resource: the server responded with a status of 404 () @ http://localhost:8080/api/payslips/ps-pb-202703-1788625990040-te-026:0
[   61417ms] [ERROR] Failed to load resource: the server responded with a status of 404 () @ http://localhost:8080/api/payslips/ps-pb-202703-1788625990040-te-028:0
[   61421ms] [ERROR] Failed to load resource: the server responded with a status of 404 () @ http://localhost:8080/api/payslips/ps-pb-202703-1788625990040-te-033:0
[   61423ms] [ERROR] Failed to load resource: the server responded with a status of 404 () @ http://localhost:8080/api/payslips/ps-pb-202703-1788625990040-te-032:0
[   61424ms] [ERROR] Failed to load resource: the server responded with a status of 404 () @ http://localhost:8080/api/payslips/ps-pb-202703-1788625990040-te-030:0
[   61426ms] [ERROR] Failed to load resource: the server responded with a status of 404 () @ http://localhost:8080/api/payslips/ps-pb-202703-1788625990040-te-034:0
[   61428ms] [ERROR] Failed to load resource: the server responded with a status of 404 () @ http://localhost:8080/api/payslips/ps-pb-202703-1788625990040-te-029:0
[   61433ms] [ERROR] Failed to load resource: the server responded with a status of 404 () @ http://localhost:8080/api/payslips/ps-pb-202703-1788625990040-te-031:0
[   61436ms] [ERROR] Failed to load resource: the server responded with a status of 404 () @ http://localhost:8080/api/payslips/ps-pb-202703-1788625990040-te-037:0
[   61439ms] [ERROR] Failed to load resource: the server responded with a status of 404 () @ http://localhost:8080/api/payslips/ps-pb-202703-1788625990040-te-035:0
[   61442ms] [ERROR] Failed to load resource: the server responded with a status of 404 () @ http://localhost:8080/api/payslips/ps-pb-202703-1788625990040-te-036:0
[   61444ms] [ERROR] Failed to load resource: the server responded with a status of 404 () @ http://localhost:8080/api/payslips/ps-pb-202703-1788625990040-te-038:0
[   61446ms] [ERROR] Failed to load resource: the server responded with a status of 404 () @ http://localhost:8080/api/payslips/ps-pb-202703-1788625990040-te-039:0
[   61448ms] [ERROR] Failed to load resource: the server responded with a status of 404 () @ http://localhost:8080/api/payslips/ps-pb-202703-1788625990040-te-040:0
[   61451ms] [ERROR] Failed to load resource: the server responded with a status of 404 () @ http://localhost:8080/api/payslips/ps-pb-202703-1788625990040-te-043:0
[   61453ms] [ERROR] Failed to load resource: the server responded with a status of 404 () @ http://localhost:8080/api/payslips/ps-pb-202703-1788625990040-te-041:0
[   61455ms] [ERROR] Failed to load resource: the server responded with a status of 404 () @ http://localhost:8080/api/payslips/ps-pb-202703-1788625990040-te-042:0
[   61457ms] [ERROR] Failed to load resource: the server responded with a status of 404 () @ http://localhost:8080/api/payslips/ps-pb-202703-1788625990040-te-044:0
[   61459ms] [ERROR] Failed to load resource: the server responded with a status of 404 () @ http://localhost:8080/api/payslips/ps-pb-202703-1788625990040-te-048:0
[   61462ms] [ERROR] Failed to load resource: the server responded with a status of 404 () @ http://localhost:8080/api/payslips/ps-pb-202703-1788625990040-te-046:0
[   61466ms] [ERROR] Failed to load resource: the server responded with a status of 404 () @ http://localhost:8080/api/payslips/ps-pb-202703-1788625990040-te-047:0
[   61468ms] [ERROR] Failed to load resource: the server responded with a status of 404 () @ http://localhost:8080/api/payslips/ps-pb-202703-1788625990040-te-049:0
[   61476ms] [ERROR] Failed to load resource: the server responded with a status of 403 () @ http://localhost:8080/api/audit-logs/audit-1788626027937-1:0
[  113168ms] [LOG] Angular is running in development mode. @ http://localhost:4200/@fs/C:/Users/Hp/Desktop/Project_HRPayroll/Payroll%20Automation/.angular/cache/21.2.20/payroll-app/vite/deps/chunk-JI5NBFE4.js?v=8add3b10:11244
[  132172ms] [ERROR] Failed to load resource: the server responded with a status of 404 () @ http://localhost:8080/api/audit-logs/audit-1788626098768-0:0
