[      75ms] [LOG] Angular is running in development mode. @ http://localhost:4200/@fs/C:/Users/Hp/Desktop/Project_HRPayroll/Payroll%20Automation/.angular/cache/21.2.20/payroll-app/vite/deps/chunk-JI5NBFE4.js?v=8add3b10:11244
[   10047ms] [ERROR] Failed to load resource: the server responded with a status of 404 () @ http://localhost:8080/api/payslips/ps-pb-202702-1788593764507-e-1788326717223:0
[   10048ms] [ERROR] Failed to load resource: the server responded with a status of 404 () @ http://localhost:8080/api/payslips/ps-pb-202702-1788593764507-e4:0
[   10049ms] [ERROR] Failed to load resource: the server responded with a status of 404 () @ http://localhost:8080/api/payslips/ps-pb-202702-1788593764507-e-1787546658330:0
[   10052ms] [ERROR] Failed to load resource: the server responded with a status of 404 () @ http://localhost:8080/api/payslips/ps-pb-202702-1788593764507-e-1787546896361:0
[   10052ms] [ERROR] Failed to load resource: the server responded with a status of 404 () @ http://localhost:8080/api/payslips/ps-pb-202702-1788593764507-e-1787547254530:0
[   10056ms] [ERROR] Failed to load resource: the server responded with a status of 404 () @ http://localhost:8080/api/payslips/ps-pb-202702-1788593764507-e-1787547655357:0
[   10116ms] [ERROR] Failed to load resource: the server responded with a status of 404 () @ http://localhost:8080/api/payslips/ps-pb-202702-1788593764507-e-1787548325913:0
[   10118ms] [ERROR] Failed to load resource: the server responded with a status of 404 () @ http://localhost:8080/api/payslips/ps-pb-202702-1788593764507-e-1787548627005:0
[   10120ms] [ERROR] Failed to load resource: the server responded with a status of 404 () @ http://localhost:8080/api/payslips/ps-pb-202702-1788593764507-e-1787547994953:0
[   10122ms] [ERROR] Failed to load resource: the server responded with a status of 404 () @ http://localhost:8080/api/payslips/ps-pb-202702-1788593764507-e-1787548160729:0
[   10126ms] [ERROR] Failed to load resource: the server responded with a status of 404 () @ http://localhost:8080/api/payslips/ps-pb-202702-1788593764507-te-003:0
[   10128ms] [ERROR] Failed to load resource: the server responded with a status of 404 () @ http://localhost:8080/api/payslips/ps-pb-202702-1788593764507-te-001:0
[   10130ms] [ERROR] Failed to load resource: the server responded with a status of 404 () @ http://localhost:8080/api/payslips/ps-pb-202702-1788593764507-te-004:0
[   10132ms] [ERROR] Failed to load resource: the server responded with a status of 404 () @ http://localhost:8080/api/payslips/ps-pb-202702-1788593764507-te-006:0
[   10134ms] [ERROR] Failed to load resource: the server responded with a status of 404 () @ http://localhost:8080/api/payslips/ps-pb-202702-1788593764507-te-005:0
[   10137ms] [ERROR] Failed to load resource: the server responded with a status of 404 () @ http://localhost:8080/api/payslips/ps-pb-202702-1788593764507-te-002:0
[   10139ms] [ERROR] Failed to load resource: the server responded with a status of 404 () @ http://localhost:8080/api/payslips/ps-pb-202702-1788593764507-te-008:0
[   10142ms] [ERROR] Failed to load resource: the server responded with a status of 404 () @ http://localhost:8080/api/payslips/ps-pb-202702-1788593764507-te-011:0
[   10145ms] [ERROR] Failed to load resource: the server responded with a status of 404 () @ http://localhost:8080/api/payslips/ps-pb-202702-1788593764507-te-007:0
[   10151ms] [ERROR] Failed to load resource: the server responded with a status of 404 () @ http://localhost:8080/api/payslips/ps-pb-202702-1788593764507-te-009:0
[   10154ms] [ERROR] Failed to load resource: the server responded with a status of 404 () @ http://localhost:8080/api/payslips/ps-pb-202702-1788593764507-te-012:0
[   10157ms] [ERROR] Failed to load resource: the server responded with a status of 404 () @ http://localhost:8080/api/payslips/ps-pb-202702-1788593764507-te-010:0
[   10158ms] [ERROR] Failed to load resource: the server responded with a status of 404 () @ http://localhost:8080/api/payslips/ps-pb-202702-1788593764507-te-014:0
[   10160ms] [ERROR] Failed to load resource: the server responded with a status of 404 () @ http://localhost:8080/api/payslips/ps-pb-202702-1788593764507-te-018:0
[   10162ms] [ERROR] Failed to load resource: the server responded with a status of 404 () @ http://localhost:8080/api/payslips/ps-pb-202702-1788593764507-te-020:0
[   10164ms] [ERROR] Failed to load resource: the server responded with a status of 404 () @ http://localhost:8080/api/payslips/ps-pb-202702-1788593764507-te-017:0
[   10167ms] [ERROR] Failed to load resource: the server responded with a status of 404 () @ http://localhost:8080/api/payslips/ps-pb-202702-1788593764507-te-013:0
[   10169ms] [ERROR] Failed to load resource: the server responded with a status of 404 () @ http://localhost:8080/api/payslips/ps-pb-202702-1788593764507-te-019:0
[   10172ms] [ERROR] Failed to load resource: the server responded with a status of 404 () @ http://localhost:8080/api/payslips/ps-pb-202702-1788593764507-te-021:0
[   10175ms] [ERROR] Failed to load resource: the server responded with a status of 404 () @ http://localhost:8080/api/payslips/ps-pb-202702-1788593764507-te-022:0
[   10179ms] [ERROR] Failed to load resource: the server responded with a status of 404 () @ http://localhost:8080/api/payslips/ps-pb-202702-1788593764507-te-023:0
[   10182ms] [ERROR] Failed to load resource: the server responded with a status of 404 () @ http://localhost:8080/api/payslips/ps-pb-202702-1788593764507-te-029:0
[   10185ms] [ERROR] Failed to load resource: the server responded with a status of 404 () @ http://localhost:8080/api/payslips/ps-pb-202702-1788593764507-te-026:0
[   10188ms] [ERROR] Failed to load resource: the server responded with a status of 404 () @ http://localhost:8080/api/payslips/ps-pb-202702-1788593764507-te-024:0
[   10190ms] [ERROR] Failed to load resource: the server responded with a status of 404 () @ http://localhost:8080/api/payslips/ps-pb-202702-1788593764507-te-025:0
[   10193ms] [ERROR] Failed to load resource: the server responded with a status of 404 () @ http://localhost:8080/api/payslips/ps-pb-202702-1788593764507-te-028:0
[   10195ms] [ERROR] Failed to load resource: the server responded with a status of 404 () @ http://localhost:8080/api/payslips/ps-pb-202702-1788593764507-te-027:0
[   10197ms] [ERROR] Failed to load resource: the server responded with a status of 404 () @ http://localhost:8080/api/payslips/ps-pb-202702-1788593764507-te-034:0
[   10199ms] [ERROR] Failed to load resource: the server responded with a status of 404 () @ http://localhost:8080/api/payslips/ps-pb-202702-1788593764507-te-031:0
[   10201ms] [ERROR] Failed to load resource: the server responded with a status of 404 () @ http://localhost:8080/api/payslips/ps-pb-202702-1788593764507-te-030:0
[   10204ms] [ERROR] Failed to load resource: the server responded with a status of 404 () @ http://localhost:8080/api/payslips/ps-pb-202702-1788593764507-te-032:0
[   10207ms] [ERROR] Failed to load resource: the server responded with a status of 404 () @ http://localhost:8080/api/payslips/ps-pb-202702-1788593764507-te-035:0
[   10210ms] [ERROR] Failed to load resource: the server responded with a status of 404 () @ http://localhost:8080/api/payslips/ps-pb-202702-1788593764507-te-033:0
[   10212ms] [ERROR] Failed to load resource: the server responded with a status of 404 () @ http://localhost:8080/api/payslips/ps-pb-202702-1788593764507-te-042:0
[   10216ms] [ERROR] Failed to load resource: the server responded with a status of 404 () @ http://localhost:8080/api/payslips/ps-pb-202702-1788593764507-te-039:0
[   10218ms] [ERROR] Failed to load resource: the server responded with a status of 404 () @ http://localhost:8080/api/payslips/ps-pb-202702-1788593764507-te-036:0
[   10221ms] [ERROR] Failed to load resource: the server responded with a status of 404 () @ http://localhost:8080/api/payslips/ps-pb-202702-1788593764507-te-037:0
[   10224ms] [ERROR] Failed to load resource: the server responded with a status of 404 () @ http://localhost:8080/api/payslips/ps-pb-202702-1788593764507-te-040:0
[   10237ms] [ERROR] Failed to load resource: the server responded with a status of 404 () @ http://localhost:8080/api/payslips/ps-pb-202702-1788593764507-te-038:0
[   10245ms] [ERROR] Failed to load resource: the server responded with a status of 404 () @ http://localhost:8080/api/payslips/ps-pb-202702-1788593764507-te-044:0
[   10247ms] [ERROR] Failed to load resource: the server responded with a status of 404 () @ http://localhost:8080/api/payslips/ps-pb-202702-1788593764507-te-041:0
[   10250ms] [ERROR] Failed to load resource: the server responded with a status of 404 () @ http://localhost:8080/api/payslips/ps-pb-202702-1788593764507-te-047:0
[   10255ms] [ERROR] Failed to load resource: the server responded with a status of 404 () @ http://localhost:8080/api/payslips/ps-pb-202702-1788593764507-te-046:0
[   10258ms] [ERROR] Failed to load resource: the server responded with a status of 404 () @ http://localhost:8080/api/payslips/ps-pb-202702-1788593764507-te-043:0
[   10260ms] [ERROR] Failed to load resource: the server responded with a status of 404 () @ http://localhost:8080/api/payslips/ps-pb-202702-1788593764507-te-049:0
[   10262ms] [ERROR] Failed to load resource: the server responded with a status of 404 () @ http://localhost:8080/api/payslips/ps-pb-202702-1788593764507-te-048:0
[   10268ms] [ERROR] Failed to load resource: the server responded with a status of 404 () @ http://localhost:8080/api/audit-logs/audit-1788593785589-0:0
[  855762ms] [LOG] Angular is running in development mode. @ http://localhost:4200/@fs/C:/Users/Hp/Desktop/Project_HRPayroll/Payroll%20Automation/.angular/cache/21.2.20/payroll-app/vite/deps/chunk-JI5NBFE4.js?v=8add3b10:11244
