[     130ms] [LOG] Angular is running in development mode. @ http://localhost:4200/@fs/C:/Users/Hp/Desktop/Project_HRPayroll/Payroll%20Automation/.angular/cache/21.2.20/payroll-app/vite/deps/chunk-JI5NBFE4.js?v=8add3b10:11244
[   22975ms] [ERROR] Failed to load resource: the server responded with a status of 403 () @ http://localhost:8080/api/audit-logs/audit-1788623127013-0:0
[   22987ms] [ERROR] Failed to load resource: the server responded with a status of 404 () @ http://localhost:8080/api/payroll-batches/pb-202703-1788623127009:0
[   43251ms] [ERROR] Failed to load resource: the server responded with a status of 404 () @ http://localhost:8080/api/payslips/ps-pb-202703-1788623127009-e-1788326717223:0
[   43258ms] [ERROR] Failed to load resource: the server responded with a status of 404 () @ http://localhost:8080/api/payslips/ps-pb-202703-1788623127009-e4:0
[   43261ms] [ERROR] Failed to load resource: the server responded with a status of 404 () @ http://localhost:8080/api/payslips/ps-pb-202703-1788623127009-e-1787546658330:0
[   43264ms] [ERROR] Failed to load resource: the server responded with a status of 404 () @ http://localhost:8080/api/payslips/ps-pb-202703-1788623127009-e-1787546896361:0
[   43269ms] [ERROR] Failed to load resource: the server responded with a status of 404 () @ http://localhost:8080/api/payslips/ps-pb-202703-1788623127009-e-1787547254530:0
[   43275ms] [ERROR] Failed to load resource: the server responded with a status of 404 () @ http://localhost:8080/api/payslips/ps-pb-202703-1788623127009-e-1787547655357:0
[   43277ms] [ERROR] Failed to load resource: the server responded with a status of 404 () @ http://localhost:8080/api/payslips/ps-pb-202703-1788623127009-e-1787547994953:0
[   43279ms] [ERROR] Failed to load resource: the server responded with a status of 404 () @ http://localhost:8080/api/payslips/ps-pb-202703-1788623127009-e-1787548160729:0
[   43281ms] [ERROR] Failed to load resource: the server responded with a status of 404 () @ http://localhost:8080/api/payslips/ps-pb-202703-1788623127009-e-1787548325913:0
[   43283ms] [ERROR] Failed to load resource: the server responded with a status of 404 () @ http://localhost:8080/api/payslips/ps-pb-202703-1788623127009-e-1787548627005:0
[   43284ms] [ERROR] Failed to load resource: the server responded with a status of 404 () @ http://localhost:8080/api/payslips/ps-pb-202703-1788623127009-te-001:0
[   43286ms] [ERROR] Failed to load resource: the server responded with a status of 404 () @ http://localhost:8080/api/payslips/ps-pb-202703-1788623127009-te-002:0
[   43288ms] [ERROR] Failed to load resource: the server responded with a status of 404 () @ http://localhost:8080/api/payslips/ps-pb-202703-1788623127009-te-003:0
[   43290ms] [ERROR] Failed to load resource: the server responded with a status of 404 () @ http://localhost:8080/api/payslips/ps-pb-202703-1788623127009-te-004:0
[   43292ms] [ERROR] Failed to load resource: the server responded with a status of 404 () @ http://localhost:8080/api/payslips/ps-pb-202703-1788623127009-te-005:0
[   43294ms] [ERROR] Failed to load resource: the server responded with a status of 404 () @ http://localhost:8080/api/payslips/ps-pb-202703-1788623127009-te-006:0
[   43296ms] [ERROR] Failed to load resource: the server responded with a status of 404 () @ http://localhost:8080/api/payslips/ps-pb-202703-1788623127009-te-007:0
[   43299ms] [ERROR] Failed to load resource: the server responded with a status of 404 () @ http://localhost:8080/api/payslips/ps-pb-202703-1788623127009-te-008:0
[   43301ms] [ERROR] Failed to load resource: the server responded with a status of 404 () @ http://localhost:8080/api/payslips/ps-pb-202703-1788623127009-te-009:0
[   43304ms] [ERROR] Failed to load resource: the server responded with a status of 404 () @ http://localhost:8080/api/payslips/ps-pb-202703-1788623127009-te-010:0
[   43306ms] [ERROR] Failed to load resource: the server responded with a status of 404 () @ http://localhost:8080/api/payslips/ps-pb-202703-1788623127009-te-011:0
[   43308ms] [ERROR] Failed to load resource: the server responded with a status of 404 () @ http://localhost:8080/api/payslips/ps-pb-202703-1788623127009-te-012:0
[   43310ms] [ERROR] Failed to load resource: the server responded with a status of 404 () @ http://localhost:8080/api/payslips/ps-pb-202703-1788623127009-te-013:0
[   43313ms] [ERROR] Failed to load resource: the server responded with a status of 404 () @ http://localhost:8080/api/payslips/ps-pb-202703-1788623127009-te-014:0
[   43316ms] [ERROR] Failed to load resource: the server responded with a status of 404 () @ http://localhost:8080/api/payslips/ps-pb-202703-1788623127009-te-017:0
[   43319ms] [ERROR] Failed to load resource: the server responded with a status of 404 () @ http://localhost:8080/api/payslips/ps-pb-202703-1788623127009-te-019:0
[   43321ms] [ERROR] Failed to load resource: the server responded with a status of 404 () @ http://localhost:8080/api/payslips/ps-pb-202703-1788623127009-te-018:0
[   43324ms] [ERROR] Failed to load resource: the server responded with a status of 404 () @ http://localhost:8080/api/payslips/ps-pb-202703-1788623127009-te-020:0
[   43327ms] [ERROR] Failed to load resource: the server responded with a status of 404 () @ http://localhost:8080/api/payslips/ps-pb-202703-1788623127009-te-021:0
[   43329ms] [ERROR] Failed to load resource: the server responded with a status of 404 () @ http://localhost:8080/api/payslips/ps-pb-202703-1788623127009-te-022:0
[   43332ms] [ERROR] Failed to load resource: the server responded with a status of 404 () @ http://localhost:8080/api/payslips/ps-pb-202703-1788623127009-te-023:0
[   43335ms] [ERROR] Failed to load resource: the server responded with a status of 404 () @ http://localhost:8080/api/payslips/ps-pb-202703-1788623127009-te-024:0
[   43338ms] [ERROR] Failed to load resource: the server responded with a status of 404 () @ http://localhost:8080/api/payslips/ps-pb-202703-1788623127009-te-026:0
[   43341ms] [ERROR] Failed to load resource: the server responded with a status of 404 () @ http://localhost:8080/api/payslips/ps-pb-202703-1788623127009-te-028:0
[   43344ms] [ERROR] Failed to load resource: the server responded with a status of 404 () @ http://localhost:8080/api/payslips/ps-pb-202703-1788623127009-te-025:0
[   43346ms] [ERROR] Failed to load resource: the server responded with a status of 404 () @ http://localhost:8080/api/payslips/ps-pb-202703-1788623127009-te-027:0
[   43352ms] [ERROR] Failed to load resource: the server responded with a status of 404 () @ http://localhost:8080/api/payslips/ps-pb-202703-1788623127009-te-029:0
[   43355ms] [ERROR] Failed to load resource: the server responded with a status of 404 () @ http://localhost:8080/api/payslips/ps-pb-202703-1788623127009-te-030:0
[   43357ms] [ERROR] Failed to load resource: the server responded with a status of 404 () @ http://localhost:8080/api/payslips/ps-pb-202703-1788623127009-te-032:0
[   43362ms] [ERROR] Failed to load resource: the server responded with a status of 404 () @ http://localhost:8080/api/payslips/ps-pb-202703-1788623127009-te-031:0
[   43365ms] [ERROR] Failed to load resource: the server responded with a status of 404 () @ http://localhost:8080/api/payslips/ps-pb-202703-1788623127009-te-033:0
[   43371ms] [ERROR] Failed to load resource: the server responded with a status of 404 () @ http://localhost:8080/api/payslips/ps-pb-202703-1788623127009-te-035:0
[   43374ms] [ERROR] Failed to load resource: the server responded with a status of 404 () @ http://localhost:8080/api/payslips/ps-pb-202703-1788623127009-te-034:0
[   43378ms] [ERROR] Failed to load resource: the server responded with a status of 404 () @ http://localhost:8080/api/payslips/ps-pb-202703-1788623127009-te-037:0
[   43381ms] [ERROR] Failed to load resource: the server responded with a status of 404 () @ http://localhost:8080/api/payslips/ps-pb-202703-1788623127009-te-038:0
[   43384ms] [ERROR] Failed to load resource: the server responded with a status of 404 () @ http://localhost:8080/api/payslips/ps-pb-202703-1788623127009-te-036:0
[   43388ms] [ERROR] Failed to load resource: the server responded with a status of 404 () @ http://localhost:8080/api/payslips/ps-pb-202703-1788623127009-te-040:0
[   43391ms] [ERROR] Failed to load resource: the server responded with a status of 404 () @ http://localhost:8080/api/payslips/ps-pb-202703-1788623127009-te-041:0
[   43394ms] [ERROR] Failed to load resource: the server responded with a status of 404 () @ http://localhost:8080/api/payslips/ps-pb-202703-1788623127009-te-039:0
[   43397ms] [ERROR] Failed to load resource: the server responded with a status of 404 () @ http://localhost:8080/api/payslips/ps-pb-202703-1788623127009-te-042:0
[   43400ms] [ERROR] Failed to load resource: the server responded with a status of 404 () @ http://localhost:8080/api/payslips/ps-pb-202703-1788623127009-te-043:0
[   43403ms] [ERROR] Failed to load resource: the server responded with a status of 404 () @ http://localhost:8080/api/payslips/ps-pb-202703-1788623127009-te-046:0
[   43405ms] [ERROR] Failed to load resource: the server responded with a status of 404 () @ http://localhost:8080/api/payslips/ps-pb-202703-1788623127009-te-044:0
[   43408ms] [ERROR] Failed to load resource: the server responded with a status of 404 () @ http://localhost:8080/api/payslips/ps-pb-202703-1788623127009-te-047:0
[   43411ms] [ERROR] Failed to load resource: the server responded with a status of 404 () @ http://localhost:8080/api/payslips/ps-pb-202703-1788623127009-te-048:0
[   43413ms] [ERROR] Failed to load resource: the server responded with a status of 404 () @ http://localhost:8080/api/payslips/ps-pb-202703-1788623127009-te-049:0
[   43448ms] [ERROR] Failed to load resource: the server responded with a status of 403 () @ http://localhost:8080/api/audit-logs/audit-1788623147286-1:0
[   77510ms] [ERROR] Failed to load resource: the server responded with a status of 403 () @ http://localhost:8080/api/audit-logs/audit-1788623181543-2:0
[   88270ms] [LOG] Angular is running in development mode. @ http://localhost:4200/@fs/C:/Users/Hp/Desktop/Project_HRPayroll/Payroll%20Automation/.angular/cache/21.2.20/payroll-app/vite/deps/chunk-JI5NBFE4.js?v=8add3b10:11244
[  107426ms] [ERROR] Failed to load resource: the server responded with a status of 403 () @ http://localhost:8080/api/audit-logs/audit-1788623211475-0:0
[  107584ms] [ERROR] Failed to load resource: the server responded with a status of 403 () @ http://localhost:8080/api/audit-logs:0
