[     157ms] [LOG] Angular is running in development mode. @ http://localhost:4200/@fs/C:/Users/Hp/Desktop/Project_HRPayroll/Payroll%20Automation/.angular/cache/21.2.20/payroll-app/vite/deps/chunk-JI5NBFE4.js?v=8add3b10:11244
[   15424ms] [ERROR] Failed to load resource: the server responded with a status of 404 () @ http://localhost:8080/api/payslips/ps-pb-202611-1788339665288-e4:0
[   15443ms] [ERROR] Failed to load resource: the server responded with a status of 404 () @ http://localhost:8080/api/payslips/ps-pb-202611-1788339665288-e-1787547254530:0
[   15447ms] [ERROR] Failed to load resource: the server responded with a status of 404 () @ http://localhost:8080/api/payslips/ps-pb-202611-1788339665288-e-1787547994953:0
[   15449ms] [ERROR] Failed to load resource: the server responded with a status of 404 () @ http://localhost:8080/api/payslips/ps-pb-202611-1788339665288-e-1787547655357:0
[   15452ms] [ERROR] Failed to load resource: the server responded with a status of 404 () @ http://localhost:8080/api/payslips/ps-pb-202611-1788339665288-e-1787546896361:0
[   15459ms] [ERROR] Failed to load resource: the server responded with a status of 404 () @ http://localhost:8080/api/payslips/ps-pb-202611-1788339665288-e-1787546658330:0
[   15482ms] [ERROR] Failed to load resource: the server responded with a status of 404 () @ http://localhost:8080/api/payslips/ps-pb-202611-1788339665288-e-1787548160729:0
[   15487ms] [ERROR] Failed to load resource: the server responded with a status of 404 () @ http://localhost:8080/api/payslips/ps-pb-202611-1788339665288-e-1787548627005:0
[   15488ms] [ERROR] Failed to load resource: the server responded with a status of 404 () @ http://localhost:8080/api/payslips/ps-pb-202611-1788339665288-e-1787548325913:0
[   15489ms] [ERROR] Failed to load resource: the server responded with a status of 404 () @ http://localhost:8080/api/payslips/ps-pb-202611-1788339665288-te-001:0
[   15489ms] [ERROR] Failed to load resource: the server responded with a status of 404 () @ http://localhost:8080/api/payslips/ps-pb-202611-1788339665288-te-003:0
[   15490ms] [ERROR] Failed to load resource: the server responded with a status of 404 () @ http://localhost:8080/api/payslips/ps-pb-202611-1788339665288-te-005:0
[   15490ms] [ERROR] Failed to load resource: the server responded with a status of 404 () @ http://localhost:8080/api/payslips/ps-pb-202611-1788339665288-te-002:0
[   15521ms] [ERROR] Failed to load resource: the server responded with a status of 404 () @ http://localhost:8080/api/payslips/ps-pb-202611-1788339665288-te-004:0
[   15524ms] [ERROR] Failed to load resource: the server responded with a status of 404 () @ http://localhost:8080/api/payslips/ps-pb-202611-1788339665288-te-010:0
[   15532ms] [ERROR] Failed to load resource: the server responded with a status of 404 () @ http://localhost:8080/api/payslips/ps-pb-202611-1788339665288-te-007:0
[   15537ms] [ERROR] Failed to load resource: the server responded with a status of 404 () @ http://localhost:8080/api/payslips/ps-pb-202611-1788339665288-te-009:0
[   15546ms] [ERROR] Failed to load resource: the server responded with a status of 404 () @ http://localhost:8080/api/payslips/ps-pb-202611-1788339665288-te-006:0
[   15577ms] [ERROR] Failed to load resource: the server responded with a status of 404 () @ http://localhost:8080/api/payslips/ps-pb-202611-1788339665288-te-008:0
[   15581ms] [ERROR] Failed to load resource: the server responded with a status of 404 () @ http://localhost:8080/api/payslips/ps-pb-202611-1788339665288-te-013:0
[   15584ms] [ERROR] Failed to load resource: the server responded with a status of 404 () @ http://localhost:8080/api/payslips/ps-pb-202611-1788339665288-te-011:0
[   15586ms] [ERROR] Failed to load resource: the server responded with a status of 404 () @ http://localhost:8080/api/payslips/ps-pb-202611-1788339665288-te-012:0
[   15589ms] [ERROR] Failed to load resource: the server responded with a status of 404 () @ http://localhost:8080/api/payslips/ps-pb-202611-1788339665288-te-014:0
[   15597ms] [ERROR] Failed to load resource: the server responded with a status of 404 () @ http://localhost:8080/api/payslips/ps-pb-202611-1788339665288-te-017:0
[   15601ms] [ERROR] Failed to load resource: the server responded with a status of 404 () @ http://localhost:8080/api/payslips/ps-pb-202611-1788339665288-te-018:0
[   15609ms] [ERROR] Failed to load resource: the server responded with a status of 404 () @ http://localhost:8080/api/payslips/ps-pb-202611-1788339665288-te-019:0
[   15612ms] [ERROR] Failed to load resource: the server responded with a status of 404 () @ http://localhost:8080/api/payslips/ps-pb-202611-1788339665288-te-021:0
[   15616ms] [ERROR] Failed to load resource: the server responded with a status of 404 () @ http://localhost:8080/api/payslips/ps-pb-202611-1788339665288-te-023:0
[   15619ms] [ERROR] Failed to load resource: the server responded with a status of 404 () @ http://localhost:8080/api/payslips/ps-pb-202611-1788339665288-te-020:0
[   15621ms] [ERROR] Failed to load resource: the server responded with a status of 404 () @ http://localhost:8080/api/payslips/ps-pb-202611-1788339665288-te-022:0
[   15624ms] [ERROR] Failed to load resource: the server responded with a status of 404 () @ http://localhost:8080/api/payslips/ps-pb-202611-1788339665288-te-024:0
[   15626ms] [ERROR] Failed to load resource: the server responded with a status of 404 () @ http://localhost:8080/api/payslips/ps-pb-202611-1788339665288-te-025:0
[   15630ms] [ERROR] Failed to load resource: the server responded with a status of 404 () @ http://localhost:8080/api/payslips/ps-pb-202611-1788339665288-te-027:0
[   15633ms] [ERROR] Failed to load resource: the server responded with a status of 404 () @ http://localhost:8080/api/payslips/ps-pb-202611-1788339665288-te-028:0
[   15635ms] [ERROR] Failed to load resource: the server responded with a status of 404 () @ http://localhost:8080/api/payslips/ps-pb-202611-1788339665288-te-029:0
[   15638ms] [ERROR] Failed to load resource: the server responded with a status of 404 () @ http://localhost:8080/api/payslips/ps-pb-202611-1788339665288-te-026:0
[   15641ms] [ERROR] Failed to load resource: the server responded with a status of 404 () @ http://localhost:8080/api/payslips/ps-pb-202611-1788339665288-te-030:0
[   15643ms] [ERROR] Failed to load resource: the server responded with a status of 404 () @ http://localhost:8080/api/payslips/ps-pb-202611-1788339665288-te-034:0
[   15646ms] [ERROR] Failed to load resource: the server responded with a status of 404 () @ http://localhost:8080/api/payslips/ps-pb-202611-1788339665288-te-033:0
[   15649ms] [ERROR] Failed to load resource: the server responded with a status of 404 () @ http://localhost:8080/api/payslips/ps-pb-202611-1788339665288-te-031:0
[   15652ms] [ERROR] Failed to load resource: the server responded with a status of 404 () @ http://localhost:8080/api/payslips/ps-pb-202611-1788339665288-te-032:0
[   15659ms] [ERROR] Failed to load resource: the server responded with a status of 404 () @ http://localhost:8080/api/payslips/ps-pb-202611-1788339665288-te-035:0
[   15667ms] [ERROR] Failed to load resource: the server responded with a status of 404 () @ http://localhost:8080/api/payslips/ps-pb-202611-1788339665288-te-036:0
[   15670ms] [ERROR] Failed to load resource: the server responded with a status of 404 () @ http://localhost:8080/api/payslips/ps-pb-202611-1788339665288-te-040:0
[   15675ms] [ERROR] Failed to load resource: the server responded with a status of 404 () @ http://localhost:8080/api/payslips/ps-pb-202611-1788339665288-te-038:0
[   15681ms] [ERROR] Failed to load resource: the server responded with a status of 404 () @ http://localhost:8080/api/payslips/ps-pb-202611-1788339665288-te-037:0
[   15686ms] [ERROR] Failed to load resource: the server responded with a status of 404 () @ http://localhost:8080/api/payslips/ps-pb-202611-1788339665288-te-039:0
[   15690ms] [ERROR] Failed to load resource: the server responded with a status of 404 () @ http://localhost:8080/api/payslips/ps-pb-202611-1788339665288-te-042:0
[   15696ms] [ERROR] Failed to load resource: the server responded with a status of 404 () @ http://localhost:8080/api/payslips/ps-pb-202611-1788339665288-te-041:0
[   15700ms] [ERROR] Failed to load resource: the server responded with a status of 404 () @ http://localhost:8080/api/payslips/ps-pb-202611-1788339665288-te-046:0
[   15703ms] [ERROR] Failed to load resource: the server responded with a status of 404 () @ http://localhost:8080/api/payslips/ps-pb-202611-1788339665288-te-043:0
[   15706ms] [ERROR] Failed to load resource: the server responded with a status of 404 () @ http://localhost:8080/api/payslips/ps-pb-202611-1788339665288-te-044:0
[   15709ms] [ERROR] Failed to load resource: the server responded with a status of 404 () @ http://localhost:8080/api/payslips/ps-pb-202611-1788339665288-te-049:0
[   15712ms] [ERROR] Failed to load resource: the server responded with a status of 404 () @ http://localhost:8080/api/payslips/ps-pb-202611-1788339665288-te-048:0
[   15716ms] [ERROR] Failed to load resource: the server responded with a status of 404 () @ http://localhost:8080/api/payslips/ps-pb-202611-1788339665288-te-047:0
[   15722ms] [ERROR] Failed to load resource: the server responded with a status of 403 () @ http://localhost:8080/api/audit-logs/audit-1788586553379-0:0
[   74133ms] [ERROR] Failed to load resource: the server responded with a status of 403 () @ http://localhost:8080/api/audit-logs/audit-1788586612128-1:0
